{
  "brandId": 1,
  "startDate": "2020-06-13T22:00:00.000+00:00",
  "endDate": "2020-12-31T22:59:59.000+00:00",
  "priceList": 1,
  "productId": 35455,
  "price": 35.5,
  "currency": "EUR"
}
