{
  "brandId": 1,
  "startDate": "2020-06-14T22:00:00.000+00:00",
  "endDate": "2020-06-15T09:00:00.000+00:00",
  "priceList": 3,
  "productId": 35455,
  "price": 30.5,
  "currency": "EUR"
}